[17:40:34] [INFO] NADT 启动 | 数据目录: F:\VSCode Projects\NADT\data
[17:44:36] [INFO] NADT 启动 | 数据目录: F:\VSCode Projects\NADT\data
[17:46:11] [INFO] 配置变更: theme: "system" → "dark"
[17:46:11] [INFO] 配置变更: theme: "dark" → "light"
[17:47:20] [INFO] NADT 启动 | 数据目录: F:\VSCode Projects\NADT\data
[17:48:41] [INFO] NADT 启动 | 数据目录: F:\VSCode Projects\NADT\data
[17:48:45] [INFO] 配置变更: theme: "light" → "system"
[17:50:30] [INFO] NADT 启动 | 数据目录: F:\VSCode Projects\NADT\data
[17:58:45] [INFO] NADT 启动 | 数据目录: F:\VSCode Projects\NADT\data
[17:59:13] [INFO] NADT 启动 | 数据目录: F:\VSCode Projects\NADT\data
[18:00:50] [INFO] 配置变更: theme: "system" → "dark"
[18:00:50] [INFO] 配置变更: theme: "dark" → "light"
[18:06:57] [INFO] 窗口状态已保存: (1563, 222) 420x700
[18:06:57] [INFO] 程序退出
[18:14:56] [INFO] NADT 启动 | 数据目录: F:\VSCode Projects\NADT\data
[18:15:12] [INFO] 配置变更: theme: "light" → "system"
[18:15:15] [INFO] 配置变更: theme: "system" → "dark"
[18:15:15] [INFO] 配置变更: theme: "dark" → "light"
[18:15:16] [INFO] 配置变更: theme: "light" → "system"
[18:28:48] [INFO] NADT 启动 | 数据目录: F:\VSCode Projects\NADT\data
[18:29:11] [INFO] NADT 启动 | 数据目录: F:\VSCode Projects\NADT\data
[18:29:21] [INFO] NADT 启动 | 数据目录: F:\VSCode Projects\NADT\data
[18:29:25] [INFO] 窗口状态已保存: (1570, 223) 420x700
[18:29:25] [INFO] 程序退出
[10:35:48] [INFO] NADT 启动 | 数据目录: F:\VSCode Projects\NADT\data
[10:36:12] [INFO] 配置变更: theme: "system" → "dark"
[10:36:12] [INFO] 配置变更: theme: "dark" → "light"
[10:36:20] [INFO] 配置变更: theme: "light" → "system"
[10:36:22] [INFO] 窗口状态已保存: (1084, 220) 420x700
[10:36:22] [INFO] 程序退出
[12:26:09] [INFO] NADT 启动 | 数据目录: F:\VSCode Projects\NADT\data
[12:26:41] [INFO] 配置变更: output_dir: "C:\\Users\\hp\\" → "C:\\Users\\hp\\Downloads\\NADT Export"
[12:29:05] [INFO] 配置保存（无变化）
[12:29:05] [INFO] 请求启动监控
[12:29:05] [INFO] 监控已启动 | 监控目录: F:\网易云下载\VipSongsDownload | 输出目录: C:\Users\hp\Downloads\NADT Export
[12:29:05] [INFO] 输出设置: 极简模式
[12:29:11] [INFO] 新文件加入队列: Calvin Harris,MPH - I'm Not Alone (MPH Remix).ncm (排队 1)
[12:29:11] [INFO] 开始处理: Calvin Harris,MPH - I'm Not Alone (MPH Remix).ncm (8.22 MB)
[12:29:11] [INFO] 解密完成: Calvin Harris,MPH - I'm Not Alone (MPH Remix).ncm → Calvin Harris,MPH - I'm Not Alone (MPH Remix).mp3
[12:29:11] [INFO] 写入封面: 77529 字节
[12:29:11] [INFO] 已禁用歌词嵌入，跳过写入歌词
[12:29:11] [INFO] 极简模式: 已精简元数据
[12:29:11] [INFO] 已禁用删除原始文件，保留源文件
[12:30:04] [INFO] 请求停止监控
[12:30:04] [INFO] 监控已停止 (当前正在处理的文件会继续完成，等待中的队列已丢弃)
[12:31:38] [INFO] 配置保存（无变化）
[12:31:38] [INFO] 请求启动监控
[12:31:38] [INFO] 监控已启动 | 监控目录: F:\网易云下载\VipSongsDownload | 输出目录: C:\Users\hp\Downloads\NADT Export
[12:31:38] [INFO] 输出设置: 极简模式
[12:31:56] [INFO] 新文件加入队列: Dimension,bbyclose - Once In A Lifetime.ncm (排队 1)
[12:31:56] [INFO] 开始处理: Dimension,bbyclose - Once In A Lifetime.ncm (45.48 MB)
[12:31:57] [INFO] 解密完成: Dimension,bbyclose - Once In A Lifetime.ncm → Dimension,bbyclose - Once In A Lifetime.flac
[12:31:57] [INFO] 写入封面: 315699 字节
[12:31:57] [INFO] 已禁用歌词嵌入，跳过写入歌词
[12:31:57] [INFO] 极简模式: 已精简元数据
[12:31:57] [INFO] 已禁用删除原始文件，保留源文件
[12:32:12] [INFO] 请求停止监控
[12:32:12] [INFO] 监控已停止 (当前正在处理的文件会继续完成，等待中的队列已丢弃)
[12:32:20] [INFO] 配置保存（无变化）
[12:32:20] [INFO] 请求启动监控
[12:32:20] [INFO] 监控已启动 | 监控目录: F:\网易云下载\VipSongsDownload | 输出目录: C:\Users\hp\Downloads\NADT Export
[12:32:20] [INFO] 输出设置: 极简模式
[12:32:35] [INFO] 新文件加入队列: Dimension,bbyclose - Once In A Lifetime.ncm (排队 1)
[12:32:35] [INFO] 开始处理: Dimension,bbyclose - Once In A Lifetime.ncm (45.48 MB)
[12:32:36] [INFO] 解密完成: Dimension,bbyclose - Once In A Lifetime.ncm → Dimension,bbyclose - Once In A Lifetime.flac
[12:32:36] [INFO] 写入封面: 315699 字节
[12:32:36] [INFO] 已禁用歌词嵌入，跳过写入歌词
[12:32:36] [INFO] 极简模式: 已精简元数据
[12:32:36] [INFO] 已禁用删除原始文件，保留源文件
[12:32:39] [INFO] 请求停止监控
[12:32:39] [INFO] 监控已停止 (当前正在处理的文件会继续完成，等待中的队列已丢弃)
[12:33:49] [INFO] 手动添加: MPH - Just Like.ncm (排队 1)
[12:33:49] [INFO] 手动添加: MPH - My Mind.ncm (排队 2)
[12:33:49] [INFO] 开始处理: MPH - Just Like.ncm (26.25 MB)
[12:33:49] [INFO] 解密完成: MPH - Just Like.ncm → MPH - Just Like.flac
[12:33:49] [INFO] 写入封面: 173790 字节
[12:33:49] [INFO] 已禁用歌词嵌入，跳过写入歌词
[12:33:49] [INFO] 极简模式: 已精简元数据
[12:33:49] [INFO] 已禁用删除原始文件，保留源文件
[12:33:49] [INFO] 开始处理: MPH - My Mind.ncm (29.29 MB)
[12:33:50] [INFO] 解密完成: MPH - My Mind.ncm → MPH - My Mind.flac
[12:33:50] [INFO] 写入封面: 173790 字节
[12:33:50] [INFO] 已禁用歌词嵌入，跳过写入歌词
[12:33:50] [INFO] 极简模式: 已精简元数据
[12:33:50] [INFO] 已禁用删除原始文件，保留源文件
[12:35:11] [INFO] 配置变更: shred_mode: false → true
[12:35:16] [INFO] 手动添加: Dimension,bbyclose - Once In A Lifetime.ncm (排队 1)
[12:35:16] [INFO] 手动添加: MPH - Just Like.ncm (排队 2)
[12:35:16] [INFO] 开始处理: Dimension,bbyclose - Once In A Lifetime.ncm (45.48 MB)
[12:35:16] [INFO] 手动添加: MPH - My Mind.ncm (排队 2)
[12:35:16] [INFO] 解密完成: Dimension,bbyclose - Once In A Lifetime.ncm → Dimension,bbyclose - Once In A Lifetime.flac
[12:35:16] [INFO] 写入封面: 315699 字节
[12:35:16] [INFO] 已禁用歌词嵌入，跳过写入歌词
[12:35:16] [INFO] 极简模式: 已精简元数据
[12:35:16] [INFO] 删除原始文件: NCM=成功 LRC=无或失败
[12:35:16] [INFO] 开始处理: MPH - Just Like.ncm (26.25 MB)
[12:35:17] [INFO] 解密完成: MPH - Just Like.ncm → MPH - Just Like.flac
[12:35:17] [INFO] 写入封面: 173790 字节
[12:35:17] [INFO] 已禁用歌词嵌入，跳过写入歌词
[12:35:17] [INFO] 极简模式: 已精简元数据
[12:35:17] [INFO] 删除原始文件: NCM=成功 LRC=无或失败
[12:35:17] [INFO] 开始处理: MPH - My Mind.ncm (29.29 MB)
[12:35:17] [INFO] 解密完成: MPH - My Mind.ncm → MPH - My Mind.flac
[12:35:17] [INFO] 写入封面: 173790 字节
[12:35:17] [INFO] 已禁用歌词嵌入，跳过写入歌词
[12:35:17] [INFO] 极简模式: 已精简元数据
[12:35:17] [INFO] 删除原始文件: NCM=成功 LRC=无或失败
[12:35:41] [INFO] 配置变更: enable_notification: false → true
[12:35:50] [INFO] 配置保存（无变化）
[12:35:50] [INFO] 请求启动监控
[12:35:50] [INFO] 监控已启动 | 监控目录: F:\网易云下载\VipSongsDownload | 输出目录: C:\Users\hp\Downloads\NADT Export
[12:35:50] [INFO] 输出设置: 极简模式、删除原始文件
[12:35:55] [INFO] 请求停止监控
[12:35:55] [INFO] 监控已停止 (当前正在处理的文件会继续完成，等待中的队列已丢弃)
[12:35:56] [INFO] 配置保存（无变化）
[12:35:56] [INFO] 请求启动监控
[12:35:56] [INFO] 监控已启动 | 监控目录: F:\网易云下载\VipSongsDownload | 输出目录: C:\Users\hp\Downloads\NADT Export
[12:35:56] [INFO] 输出设置: 极简模式、删除原始文件
[12:36:28] [INFO] 新文件加入队列: The Weeknd - After Hours.ncm (排队 1)
[12:36:28] [INFO] 开始处理: The Weeknd - After Hours.ncm (40.34 MB)
[12:36:29] [INFO] 解密完成: The Weeknd - After Hours.ncm → The Weeknd - After Hours.flac
[12:36:29] [INFO] 写入封面: 881997 字节
[12:36:29] [INFO] 已禁用歌词嵌入，跳过写入歌词
[12:36:29] [INFO] 极简模式: 已精简元数据
[12:36:29] [INFO] 删除原始文件: NCM=成功 LRC=无或失败
[12:36:38] [INFO] 新文件加入队列: Tiësto,Lucas & Steve,三Z-STUDIO - ZENLESS (Instrumental).ncm (排队 1)
[12:36:38] [INFO] 开始处理: Tiësto,Lucas & Steve,三Z-STUDIO - ZENLESS (Instrumental).ncm (32.47 MB)
[12:36:38] [INFO] 解密完成: Tiësto,Lucas & Steve,三Z-STUDIO - ZENLESS (Instrumental).ncm → Tiësto,Lucas & Steve,三Z-STUDIO - ZENLESS (Instrumental).flac
[12:36:38] [INFO] 写入封面: 852438 字节
[12:36:38] [INFO] 已禁用歌词嵌入，跳过写入歌词
[12:36:38] [INFO] 极简模式: 已精简元数据
[12:36:38] [INFO] 删除原始文件: NCM=成功 LRC=无或失败
[12:36:41] [INFO] 请求停止监控
[12:36:41] [INFO] 监控已停止 (当前正在处理的文件会继续完成，等待中的队列已丢弃)
[12:36:52] [INFO] 窗口状态已保存: (1598, 182) 420x700
[12:36:52] [INFO] 程序退出
[12:37:36] [INFO] NADT 启动 | 数据目录: F:\VSCode Projects\NADT\data
[12:37:41] [INFO] 开始清理通知注册表
[12:37:42] [INFO] 已删除 HKCU:\Software\Classes\AppUserModelId\NADT
[12:37:42] [INFO] 已删除 HKCU:\SOFTWARE\Microsoft\Windows\CurrentVersion\Notifications\Settings\NADT
[12:37:42] [INFO] 清理完成，共 2 项
[12:37:43] [INFO] 窗口状态已保存: (1606, 183) 420x700
[12:37:43] [INFO] 程序退出
[12:38:15] [INFO] NADT 启动 | 数据目录: F:\VSCode Projects\NADT\data
[12:38:18] [INFO] 配置保存（无变化）
[12:38:18] [INFO] 请求启动监控
[12:38:18] [INFO] 监控已启动 | 监控目录: F:\网易云下载\VipSongsDownload | 输出目录: C:\Users\hp\Downloads\NADT Export
[12:38:18] [INFO] 输出设置: 极简模式、删除原始文件
[12:38:29] [INFO] 请求停止监控
[12:38:29] [INFO] 监控已停止 (当前正在处理的文件会继续完成，等待中的队列已丢弃)
[12:38:30] [INFO] 配置保存（无变化）
[12:38:30] [INFO] 请求启动监控
[12:38:30] [INFO] 监控已启动 | 监控目录: F:\网易云下载\VipSongsDownload | 输出目录: C:\Users\hp\Downloads\NADT Export
[12:38:30] [INFO] 输出设置: 极简模式、删除原始文件
[12:38:31] [INFO] 请求停止监控
[12:38:31] [INFO] 监控已停止 (当前正在处理的文件会继续完成，等待中的队列已丢弃)
[12:38:33] [INFO] 配置保存（无变化）
[12:38:33] [INFO] 请求启动监控
[12:38:33] [INFO] 监控已启动 | 监控目录: F:\网易云下载\VipSongsDownload | 输出目录: C:\Users\hp\Downloads\NADT Export
[12:38:33] [INFO] 输出设置: 极简模式、删除原始文件
[12:39:02] [INFO] 请求停止监控
[12:39:02] [INFO] 监控已停止 (当前正在处理的文件会继续完成，等待中的队列已丢弃)
[12:39:12] [INFO] 配置保存（无变化）
[12:39:12] [INFO] 请求启动监控
[12:39:12] [INFO] 监控已启动 | 监控目录: F:\网易云下载\VipSongsDownload | 输出目录: C:\Users\hp\Downloads\NADT Export
[12:39:12] [INFO] 输出设置: 极简模式、删除原始文件
[12:39:15] [INFO] 请求停止监控
[12:39:15] [INFO] 监控已停止 (当前正在处理的文件会继续完成，等待中的队列已丢弃)
[12:39:17] [INFO] 配置保存（无变化）
[12:39:17] [INFO] 请求启动监控
[12:39:17] [INFO] 监控已启动 | 监控目录: F:\网易云下载\VipSongsDownload | 输出目录: C:\Users\hp\Downloads\NADT Export
[12:39:17] [INFO] 输出设置: 极简模式、删除原始文件
[12:39:20] [INFO] 请求停止监控
[12:39:20] [INFO] 监控已停止 (当前正在处理的文件会继续完成，等待中的队列已丢弃)
[12:39:23] [INFO] 配置保存（无变化）
[12:39:23] [INFO] 请求启动监控
[12:39:23] [INFO] 监控已启动 | 监控目录: F:\网易云下载\VipSongsDownload | 输出目录: C:\Users\hp\Downloads\NADT Export
[12:39:23] [INFO] 输出设置: 极简模式、删除原始文件
[12:39:25] [INFO] 请求停止监控
[12:39:25] [INFO] 监控已停止 (当前正在处理的文件会继续完成，等待中的队列已丢弃)
[12:39:48] [INFO] 配置保存（无变化）
[12:39:48] [INFO] 请求启动监控
[12:39:48] [INFO] 监控已启动 | 监控目录: F:\网易云下载\VipSongsDownload | 输出目录: C:\Users\hp\Downloads\NADT Export
[12:39:48] [INFO] 输出设置: 极简模式、删除原始文件
[12:40:01] [INFO] 新文件加入队列: The Weeknd - After Hours.ncm (排队 1)
[12:40:01] [INFO] 开始处理: The Weeknd - After Hours.ncm (40.34 MB)
[12:40:01] [INFO] 解密完成: The Weeknd - After Hours.ncm → The Weeknd - After Hours.flac
[12:40:01] [INFO] 写入封面: 881997 字节
[12:40:01] [INFO] 已禁用歌词嵌入，跳过写入歌词
[12:40:02] [INFO] 极简模式: 已精简元数据
[12:40:02] [INFO] 删除原始文件: NCM=成功 LRC=无或失败
[12:40:11] [INFO] 请求停止监控
[12:40:11] [INFO] 监控已停止 (当前正在处理的文件会继续完成，等待中的队列已丢弃)
[12:41:10] [INFO] 手动添加: The Weeknd - Blinding Lights.ncm (排队 1)
[12:41:10] [INFO] 开始处理: The Weeknd - Blinding Lights.ncm (8.49 MB)
[12:41:10] [INFO] 解密完成: The Weeknd - Blinding Lights.ncm → The Weeknd - Blinding Lights.mp3
[12:41:10] [INFO] 写入封面: 899380 字节
[12:41:10] [INFO] 已禁用歌词嵌入，跳过写入歌词
[12:41:10] [INFO] 极简模式: 已精简元数据
[12:41:10] [INFO] 删除原始文件: NCM=成功 LRC=成功
[12:41:44] [INFO] 配置变更: shred_mode: true → false
[12:41:45] [INFO] 配置变更: embed_lrc: false → true
[12:41:56] [INFO] 手动添加: Swedish House Mafia,The Weeknd - Moth To A Flame.ncm (排队 1)
[12:41:56] [INFO] 开始处理: Swedish House Mafia,The Weeknd - Moth To A Flame.ncm (27.42 MB)
[12:41:56] [INFO] 解密完成: Swedish House Mafia,The Weeknd - Moth To A Flame.ncm → Swedish House Mafia,The Weeknd - Moth To A Flame.flac
[12:41:56] [INFO] 写入封面: 118989 字节
[12:41:56] [INFO] 写入歌词: 1891 字节
[12:41:56] [INFO] 极简模式: 已精简元数据
[12:41:56] [INFO] 已禁用删除原始文件，保留源文件
[12:42:46] [INFO] 窗口状态已保存: (963, 209) 420x700
[12:42:46] [INFO] 程序退出
[12:42:55] [INFO] NADT 启动 | 数据目录: F:\VSCode Projects\NADT\data
[12:43:06] [INFO] 配置变更: theme: "system" → "dark"
[12:43:09] [INFO] 配置变更: theme: "dark" → "light"
[12:43:09] [INFO] 配置变更: theme: "light" → "system"
[12:43:10] [INFO] 配置变更: theme: "system" → "dark"
[12:43:23] [INFO] 配置变更: theme: "dark" → "light"
[12:43:36] [INFO] 窗口状态已保存: (970, 210) 420x700
[12:43:36] [INFO] 程序退出
[12:49:51] [INFO] NADT 启动 | 数据目录: F:\VSCode Projects\NADT\data
[12:49:57] [INFO] 配置变更: theme: "light" → "system"
[12:51:25] [INFO] 配置保存（无变化）
[12:51:25] [INFO] 请求启动监控
[12:51:25] [INFO] 监控已启动 | 监控目录: F:\网易云下载\VipSongsDownload | 输出目录: C:\Users\hp\Downloads\NADT Export
[12:51:25] [INFO] 输出设置: 极简模式、写入 LRC 歌词文件
[12:51:34] [INFO] 新文件加入队列: Calvin Harris,MPH - I'm Not Alone (MPH Remix).ncm (排队 1)
[12:51:34] [INFO] 开始处理: Calvin Harris,MPH - I'm Not Alone (MPH Remix).ncm (8.22 MB)
[12:51:34] [INFO] 解密完成: Calvin Harris,MPH - I'm Not Alone (MPH Remix).ncm → Calvin Harris,MPH - I'm Not Alone (MPH Remix).mp3
[12:51:34] [INFO] 写入封面: 77529 字节
[12:51:34] [INFO] 未发现同名 LRC 文件，跳过写入歌词
[12:51:34] [INFO] 极简模式: 已精简元数据
[12:51:34] [INFO] 已禁用删除原始文件，保留源文件
[12:51:39] [INFO] 请求停止监控
[12:51:39] [INFO] 监控已停止 (当前正在处理的文件会继续完成，等待中的队列已丢弃)
[12:52:41] [INFO] 手动添加: Calvin Harris,MPH - I'm Not Alone (MPH Remix).ncm (排队 1)
[12:52:41] [INFO] 手动添加: MPH - Until The Morning.ncm (排队 2)
[12:52:41] [INFO] 开始处理: Calvin Harris,MPH - I'm Not Alone (MPH Remix).ncm (8.22 MB)
[12:52:41] [INFO] 解密完成: Calvin Harris,MPH - I'm Not Alone (MPH Remix).ncm → Calvin Harris,MPH - I'm Not Alone (MPH Remix).mp3
[12:52:41] [INFO] 写入封面: 77529 字节
[12:52:41] [INFO] 未发现同名 LRC 文件，跳过写入歌词
[12:52:41] [INFO] 极简模式: 已精简元数据
[12:52:41] [INFO] 已禁用删除原始文件，保留源文件
[12:52:41] [INFO] 开始处理: MPH - Until The Morning.ncm (42.35 MB)
[12:52:41] [INFO] 解密完成: MPH - Until The Morning.ncm → MPH - Until The Morning.flac
[12:52:42] [INFO] 写入封面: 361954 字节
[12:52:42] [INFO] 未发现同名 LRC 文件，跳过写入歌词
[12:52:42] [INFO] 极简模式: 已精简元数据
[12:52:42] [INFO] 已禁用删除原始文件，保留源文件
[12:52:59] [INFO] 配置变更: shred_mode: false → true
[12:53:02] [INFO] 手动添加: Calvin Harris,MPH - I'm Not Alone (MPH Remix).ncm (排队 1)
[12:53:02] [INFO] 手动添加: MPH - Until The Morning.ncm (排队 2)
[12:53:02] [INFO] 开始处理: Calvin Harris,MPH - I'm Not Alone (MPH Remix).ncm (8.22 MB)
[12:53:02] [INFO] 解密完成: Calvin Harris,MPH - I'm Not Alone (MPH Remix).ncm → Calvin Harris,MPH - I'm Not Alone (MPH Remix).mp3
[12:53:02] [INFO] 写入封面: 77529 字节
[12:53:02] [INFO] 未发现同名 LRC 文件，跳过写入歌词
[12:53:02] [INFO] 极简模式: 已精简元数据
[12:53:02] [INFO] 删除原始文件: NCM=成功 LRC=无或失败
[12:53:02] [INFO] 开始处理: MPH - Until The Morning.ncm (42.35 MB)
[12:53:03] [INFO] 解密完成: MPH - Until The Morning.ncm → MPH - Until The Morning.flac
[12:53:03] [INFO] 写入封面: 361954 字节
[12:53:03] [INFO] 未发现同名 LRC 文件，跳过写入歌词
[12:53:03] [INFO] 极简模式: 已精简元数据
[12:53:03] [INFO] 删除原始文件: NCM=成功 LRC=无或失败
[12:53:51] [INFO] 窗口状态已保存: (1613, 193) 420x700
[12:53:51] [INFO] 程序退出
[13:00:16] [INFO] NADT 启动 | 数据目录: F:\VSCode Projects\NADT\data
[13:00:38] [INFO] 配置保存（无变化）
[13:00:38] [INFO] 请求启动监控
[13:00:38] [INFO] 监控已启动 | 监控目录: F:\网易云下载\VipSongsDownload | 输出目录: C:\Users\hp\Downloads\NADT Export
[13:00:38] [INFO] 输出设置: 极简模式、写入 LRC 歌词文件、删除原始文件
[13:00:42] [INFO] 请求停止监控
[13:00:42] [INFO] 监控已停止 (当前正在处理的文件会继续完成，等待中的队列已丢弃)
[13:03:07] [INFO] 配置保存（无变化）
[13:03:07] [INFO] 请求启动监控
[13:03:07] [INFO] 监控已启动 | 监控目录: F:\网易云下载\VipSongsDownload | 输出目录: C:\Users\hp\Downloads\NADT Export
[13:03:07] [INFO] 输出设置: 极简模式、写入 LRC 歌词文件、删除原始文件
[13:03:55] [INFO] 新文件加入队列: MPH - Hold On.ncm (排队 1)
[13:03:55] [INFO] 开始处理: MPH - Hold On.ncm (28.12 MB)
[13:03:56] [INFO] 解密完成: MPH - Hold On.ncm → MPH - Hold On.flac
[13:03:56] [INFO] 写入封面: 269643 字节
[13:03:56] [INFO] 未发现同名 LRC 文件，跳过写入歌词
[13:03:56] [INFO] 极简模式: 已精简元数据
[13:03:56] [INFO] 删除原始文件: NCM=成功 LRC=无或失败
[13:04:00] [INFO] 请求停止监控
[13:04:00] [INFO] 监控已停止 (当前正在处理的文件会继续完成，等待中的队列已丢弃)
[13:06:48] [INFO] NADT 启动 | 数据目录: F:\VSCode Projects\NADT\data
[13:06:57] [INFO] 配置保存（无变化）
[13:06:57] [INFO] 请求启动监控
[13:06:57] [INFO] 监控已启动 | 监控目录: F:\网易云下载\VipSongsDownload | 输出目录: C:\Users\hp\Downloads\NADT Export
[13:06:57] [INFO] 输出设置: 极简模式、写入 LRC 歌词文件、删除原始文件
[13:07:37] [INFO] 新文件加入队列: MPH,Habstrakt - Untouchable.ncm (排队 1)
[13:07:37] [INFO] 开始处理: MPH,Habstrakt - Untouchable.ncm (47.15 MB)
[13:07:37] [INFO] 解密完成: MPH,Habstrakt - Untouchable.ncm → MPH,Habstrakt - Untouchable.flac
[13:07:37] [INFO] 写入封面: 269643 字节
[13:07:37] [INFO] 未发现同名 LRC 文件，跳过写入歌词
[13:07:37] [INFO] 极简模式: 已精简元数据
[13:07:37] [INFO] 删除原始文件: NCM=成功 LRC=无或失败
[13:07:45] [INFO] 请求停止监控
[13:07:45] [INFO] 监控已停止 (当前正在处理的文件会继续完成，等待中的队列已丢弃)
[13:08:01] [INFO] 窗口状态已保存: (1262, 139) 420x700
[13:08:01] [INFO] 程序退出
[13:13:59] [INFO] 开始清理通知注册表
[13:14:00] [INFO] 已删除 HKCU:\Software\Classes\AppUserModelId\NADT
[13:14:00] [INFO] 已删除 HKCU:\SOFTWARE\Microsoft\Windows\CurrentVersion\Notifications\Settings\NADT
[13:14:00] [INFO] 清理完成，共 2 项
[13:14:02] [INFO] 窗口状态已保存: (1610, 88) 420x700
[13:14:02] [INFO] 程序退出
